// Vitest Snapshot v1, https://vitest.dev/guide/snapshot.html

exports[`BrokerExceptionsPanel > renders empty state when no exceptions in last 24h 1`] = `
<div>
  <div
    class="arcis-card"
    style="padding: 14px 16px;"
  >
    <div
      style="font-size: 11px; text-transform: uppercase; letter-spacing: 0.06em; color: var(--arcis-text-secondary); font-weight: 500; margin-bottom: 10px;"
    >
      Broker Exceptions
    </div>
    <div
      style="display: flex; gap: 12px; flex-wrap: wrap; margin-bottom: 12px;"
    >
      <div
        class="arcis-card"
        style="padding: 10px 14px; min-width: 100px;"
      >
        <div
          style="font-size: 10px; text-transform: uppercase; color: var(--arcis-text-muted);"
        >
          24h Total
        </div>
        <div
          style="font-size: 22px; font-weight: 600; font-family: var(--font-mono); color: var(--arcis-success);"
        >
          0
        </div>
      </div>
      <div
        class="arcis-card"
        style="padding: 10px 14px; min-width: 100px;"
      >
        <div
          style="font-size: 10px; text-transform: uppercase; color: var(--arcis-text-muted);"
        >
          7d Total
        </div>
        <div
          style="font-size: 22px; font-weight: 600; font-family: var(--font-mono); color: var(--arcis-text);"
        >
          0
        </div>
      </div>
      <div
        class="arcis-card"
        style="padding: 10px 14px; min-width: 120px;"
      >
        <div
          style="font-size: 10px; text-transform: uppercase; color: var(--arcis-text-muted);"
        >
          Qty Mismatch
        </div>
        <div
          style="font-size: 22px; font-weight: 600; font-family: var(--font-mono); color: var(--arcis-success);"
        >
          0
        </div>
      </div>
    </div>
    <div
      style="color: var(--arcis-success); font-size: 13px; padding: 8px 0px;"
    >
      No broker exceptions in last 24h. ✓
    </div>
  </div>
</div>
`;

exports[`BrokerExceptionsPanel > renders loading state while fetching 1`] = `
<div>
  <div
    class="arcis-card"
    style="padding: 16px;"
  >
    <span
      style="color: var(--arcis-text-muted); font-size: 13px;"
    >
      Loading broker exceptions...
    </span>
  </div>
</div>
`;

exports[`BrokerExceptionsPanel > renders summary counts when rows present 1`] = `
<div>
  <div
    class="arcis-card"
    style="padding: 14px 16px;"
  >
    <div
      style="font-size: 11px; text-transform: uppercase; letter-spacing: 0.06em; color: var(--arcis-text-secondary); font-weight: 500; margin-bottom: 10px;"
    >
      Broker Exceptions
    </div>
    <div
      style="display: flex; gap: 12px; flex-wrap: wrap; margin-bottom: 12px;"
    >
      <div
        class="arcis-card"
        style="padding: 10px 14px; min-width: 100px;"
      >
        <div
          style="font-size: 10px; text-transform: uppercase; color: var(--arcis-text-muted);"
        >
          24h Total
        </div>
        <div
          style="font-size: 22px; font-weight: 600; font-family: var(--font-mono); color: var(--arcis-warning);"
        >
          3
        </div>
      </div>
      <div
        class="arcis-card"
        style="padding: 10px 14px; min-width: 100px;"
      >
        <div
          style="font-size: 10px; text-transform: uppercase; color: var(--arcis-text-muted);"
        >
          7d Total
        </div>
        <div
          style="font-size: 22px; font-weight: 600; font-family: var(--font-mono); color: var(--arcis-text);"
        >
          7
        </div>
      </div>
      <div
        class="arcis-card"
        style="padding: 10px 14px; min-width: 120px;"
      >
        <div
          style="font-size: 10px; text-transform: uppercase; color: var(--arcis-text-muted);"
        >
          Qty Mismatch
        </div>
        <div
          style="font-size: 22px; font-weight: 600; font-family: var(--font-mono); color: var(--arcis-danger);"
        >
          1
        </div>
      </div>
      <div
        class="arcis-card"
        style="padding: 10px 14px;"
      >
        <div
          style="font-size: 10px; text-transform: uppercase; color: var(--arcis-text-muted); margin-bottom: 4px;"
        >
          By Broker
        </div>
        <div
          style="font-size: 12px; font-family: var(--font-mono); color: var(--arcis-text-secondary);"
        >
          alpaca
          : 
          2
        </div>
        <div
          style="font-size: 12px; font-family: var(--font-mono); color: var(--arcis-text-secondary);"
        >
          ibkr
          : 
          1
        </div>
      </div>
      <div
        class="arcis-card"
        style="padding: 10px 14px;"
      >
        <div
          style="font-size: 10px; text-transform: uppercase; color: var(--arcis-text-muted); margin-bottom: 4px;"
        >
          By Operation
        </div>
        <div
          style="font-size: 12px; font-family: var(--font-mono); color: var(--arcis-text-secondary);"
        >
          place_order
          : 
          1
        </div>
        <div
          style="font-size: 12px; font-family: var(--font-mono); color: var(--arcis-text-secondary);"
        >
          verify_fill
          : 
          1
        </div>
        <div
          style="font-size: 12px; font-family: var(--font-mono); color: var(--arcis-text-secondary);"
        >
          cancel_order
          : 
          1
        </div>
      </div>
    </div>
    <div
      style="display: flex; flex-direction: column; gap: 4px; max-height: 320px; overflow-y: auto;"
    >
      <div
        data-outcome="persisted"
        style="padding: 8px 10px; border-radius: var(--radius-sm); border: 1px solid var(--arcis-border); display: grid; grid-template-columns: 140px 70px 100px 80px 1fr; gap: 8px; font-size: 12px; align-items: center;"
        title="Connection timed out after 30s"
      >
        <span
          style="font-family: var(--font-mono); color: var(--arcis-text-muted);"
        >
          2026-04-25 10:00:00
        </span>
        <span
          style="font-weight: 600;"
        >
          AAPL
        </span>
        <span
          style="color: var(--arcis-text-secondary);"
        >
          place_order
        </span>
        <span
          style="color: var(--arcis-text-secondary);"
        >
          alpaca
        </span>
        <span
          style="color: var(--arcis-text-muted); overflow: hidden; text-overflow: ellipsis; white-space: nowrap;"
        >
          [
          ConnectionError
          ] 
          Connection timed out after 30s
        </span>
      </div>
      <div
        data-outcome="alert_qty_mismatch"
        style="padding: 8px 10px; border-radius: var(--radius-sm); border: 1px solid var(--arcis-danger); display: grid; grid-template-columns: 140px 70px 100px 80px 1fr; gap: 8px; font-size: 12px; align-items: center;"
        title="Filled 50 but expected 100"
      >
        <span
          style="font-family: var(--font-mono); color: var(--arcis-text-muted);"
        >
          2026-04-25 11:00:00
        </span>
        <span
          style="font-weight: 600;"
        >
          CVS
        </span>
        <span
          style="color: var(--arcis-text-secondary);"
        >
          verify_fill
        </span>
        <span
          style="color: var(--arcis-text-secondary);"
        >
          alpaca
        </span>
        <span
          style="color: var(--arcis-text-muted); overflow: hidden; text-overflow: ellipsis; white-space: nowrap;"
        >
          [
          QtyMismatchError
          ] 
          Filled 50 but expected 100
        </span>
      </div>
      <div
        data-outcome="persisted"
        style="padding: 8px 10px; border-radius: var(--radius-sm); border: 1px solid var(--arcis-warning); display: grid; grid-template-columns: 140px 70px 100px 80px 1fr; gap: 8px; font-size: 12px; align-items: center;"
        title="Order not found"
      >
        <span
          style="font-family: var(--font-mono); color: var(--arcis-text-muted);"
        >
          2026-04-25 12:00:00
        </span>
        <span
          style="font-weight: 600;"
        >
          MSFT
        </span>
        <span
          style="color: var(--arcis-text-secondary);"
        >
          cancel_order
        </span>
        <span
          style="color: var(--arcis-text-secondary);"
        >
          ibkr
        </span>
        <span
          style="color: var(--arcis-text-muted); overflow: hidden; text-overflow: ellipsis; white-space: nowrap;"
        >
          [
          APIError
          ] 
          Order not found
        </span>
      </div>
    </div>
  </div>
</div>
`;
